// Jest Snapshot v1, https://goo.gl/fbAQLP

exports[`render hello with name or not 1`] = `
<div>
  <span>
    嘿，陌生人
  </span>
</div>
`;

exports[`render hello with name or not 2`] = `
<div>
  <h1>
    你好，
    enochjs
    ！
  </h1>
</div>
`;
